// Jest Snapshot v1, https://goo.gl/fbAQLP

exports[`Slider/Field Correctly renders LIKERT slider (ordinal variable) 1`] = `"<div class=\\"form-field-container\\"><div class=\\"form-field-slider\\"><div class=\\"form-field-slider__slider form-field-slider__slider--likert\\"><div class=\\"form-field-slider__handles\\"><div class=\\"form-field-slider__tooltip\\" style=\\"left: 0%;\\"><div class=\\"form-field-slider__tooltip-label\\">foo</div></div><div class=\\"form-field-slider__handle\\" style=\\"left: 0%;\\"></div><div role=\\"slider\\" aria-valuemin=\\"0\\" aria-valuemax=\\"3\\" aria-valuenow=\\"0\\" class=\\"form-field-slider__marker\\" style=\\"left: 0%;\\"></div></div><div class=\\"form-field-slider__tracks\\"><div class=\\"form-field-slider__track\\" style=\\"left: 0%; width: 0%;\\"><div class=\\"form-field-slider__track-line\\"></div></div><div class=\\"form-field-slider__track\\" style=\\"left: 0%; width: 100%;\\"><div class=\\"form-field-slider__track-line\\"></div></div></div><div class=\\"form-field-slider__ticks\\"><div class=\\"form-field-slider__tick\\" style=\\"position: absolute; left: 0%;\\"><div class=\\"form-field-slider__tick-label\\">foo</div></div><div class=\\"form-field-slider__tick\\" style=\\"position: absolute; left: 33.33333333333333%;\\"><div class=\\"form-field-slider__tick-label\\">bar</div></div><div class=\\"form-field-slider__tick\\" style=\\"position: absolute; left: 66.66666666666666%;\\"><div class=\\"form-field-slider__tick-label\\">bazz</div></div><div class=\\"form-field-slider__tick\\" style=\\"position: absolute; left: 100%;\\"><div class=\\"form-field-slider__tick-label\\">fizz</div></div></div></div></div></div>"`;

exports[`Slider/Field Correctly renders LIKERT slider (ordinal variable) 2`] = `"<div class=\\"form-field-slider__tooltip form-field-slider__tooltip--is-active\\" style=\\"left: 0%;\\"><div class=\\"form-field-slider__tooltip-label\\">foo</div></div>"`;

exports[`Slider/Field Correctly renders VISUAL ANALOG SCALE slider (scalar variable) 1`] = `"<div class=\\"form-field-container\\"><div class=\\"form-field-slider\\"><div class=\\"form-field-slider__slider form-field-slider__slider--vas\\"><div class=\\"form-field-slider__handles\\"><div class=\\"form-field-slider__tooltip\\"><div class=\\"form-field-slider__tooltip-label\\">Bazz</div></div><div class=\\"form-field-slider__handle\\"></div><div role=\\"slider\\" aria-valuemin=\\"0\\" aria-valuemax=\\"1\\" aria-valuenow=\\"NaN\\" class=\\"form-field-slider__marker\\"></div></div><div class=\\"form-field-slider__tracks\\"><div class=\\"form-field-slider__track\\" style=\\"left: 0%;\\"><div class=\\"form-field-slider__track-line\\"></div></div><div class=\\"form-field-slider__track\\"><div class=\\"form-field-slider__track-line\\"></div></div></div><div class=\\"form-field-slider__ticks\\"><div class=\\"form-field-slider__tick\\" style=\\"position: absolute; left: 0%;\\"><div class=\\"form-field-slider__tick-label\\">Fizz</div></div><div class=\\"form-field-slider__tick\\" style=\\"position: absolute; left: 100%;\\"><div class=\\"form-field-slider__tick-label\\">Bazz</div></div></div></div></div></div>"`;

exports[`Slider/Field Correctly renders VISUAL ANALOG SCALE slider (scalar variable) 2`] = `"<div class=\\"form-field-slider__tooltip\\"><div class=\\"form-field-slider__tooltip-label\\">Bazz</div></div>"`;

exports[`Slider/Field Correctly renders slider (number variable) 1`] = `"<div class=\\"form-field-container\\"><div class=\\"form-field-slider\\"><div class=\\"form-field-slider__slider\\"><div class=\\"form-field-slider__handles\\"><div class=\\"form-field-slider__tooltip\\"><div class=\\"form-field-slider__tooltip-label\\">NaN</div></div><div class=\\"form-field-slider__handle\\"></div><div role=\\"slider\\" aria-valuemin=\\"0\\" aria-valuemax=\\"1\\" aria-valuenow=\\"NaN\\" class=\\"form-field-slider__marker\\"></div></div><div class=\\"form-field-slider__tracks\\"><div class=\\"form-field-slider__track\\" style=\\"left: 0%;\\"><div class=\\"form-field-slider__track-line\\"></div></div><div class=\\"form-field-slider__track\\"><div class=\\"form-field-slider__track-line\\"></div></div></div></div></div></div>"`;

exports[`Slider/Field Correctly renders slider (number variable) 2`] = `"<div class=\\"form-field-slider__tooltip form-field-slider__tooltip--is-active\\"><div class=\\"form-field-slider__tooltip-label\\">NaN</div></div>"`;
